app/login/page.tsx(8,23): error TS2307: Cannot find module '@/components/ui/label' or its corresponding type declarations.
app/login/page.tsx(11,41): error TS2307: Cannot find module '@/components/ui/alert' or its corresponding type declarations.
app/signup/page.tsx(8,23): error TS2307: Cannot find module '@/components/ui/label' or its corresponding type declarations.
app/signup/page.tsx(11,41): error TS2307: Cannot find module '@/components/ui/alert' or its corresponding type declarations.
